// Jest Snapshot v1, https://goo.gl/fbAQLP

exports[`Renders broker code 1`] = `
<div
  className="row"
>
  <div
    className="list-group-item col-sm-6 dough-names"
    onClick={[Function]}
  >
    Thin
  </div>
  <div
    className="list-group-item col-sm-6 dough-names"
    onClick={[Function]}
  >
    Thick
  </div>
</div>
`;
